*** EVALUATION ***
PROGRAM "Lab5F.abs"

*********************************************************************************************
TARGET SECTION
---------------------------------------------------------------------------------------------
Processor   : Freescale HC08
Memory Model: SMALL
File Format : ELF\DWARF 2.0
Linker      : SmartLinker V-5.0.51 Build 14019, Jan 20 2014

*********************************************************************************************
FILE SECTION
---------------------------------------------------------------------------------------------
main_asm.obj                            Model: SMALL,         Lang: Assembler

*********************************************************************************************
STARTUP SECTION
---------------------------------------------------------------------------------------------
Entry point: 0xE0BE (_Startup)

*********************************************************************************************
SECTION-ALLOCATION SECTION
Section Name                    Size  Type     From       To       Segment
---------------------------------------------------------------------------------------------
.init                            319     R     0xE000     0xE13E   ROM
MY_ZEROPAGE                        2   R/W       0x60       0x61   Z_RAM
.stack                            64   R/W      0x100      0x13F   RAM
.vectSeg0_vect                     2     R     0xFFDA     0xFFDB   .vectSeg0
.vectSeg1_vect                     2     R     0xFFFA     0xFFFB   .vectSeg1
.vectSeg2_vect                     2     R     0xFFFE     0xFFFF   .vectSeg2

Summary of section sizes per section type:
READ_ONLY (R):         145 (dec:      325)
READ_WRITE (R/W):       42 (dec:       66)

*********************************************************************************************
VECTOR-ALLOCATION SECTION
    Address     InitValue   InitFunction
---------------------------------------------------------------------------------------------
     0xFFDA        0xE012   KEY_INT
     0xFFFA        0xE000   IRQ_SWITCH
     0xFFFE        0xE0BE   _Startup

*********************************************************************************************
OBJECT-ALLOCATION SECTION
     Name               Module                 Addr   hSize   dSize     Ref    Section   RLIB
---------------------------------------------------------------------------------------------
MODULE:                 -- main_asm.obj --
- PROCEDURES:
     IRQ_SWITCH                                E000       3       3       0   .init       
     irq_wait                                  E003       B      11       0   .init       
     TurnOff                                   E00E       2       2       0   .init       
     irq_fin                                   E010       2       2       0   .init       
     KEY_INT                                   E012       2       2       0   .init       
     kbi_wait                                  E014       8       8       0   .init       
     start                                     E01C       D      13       0   .init       
     fila0                                     E029       D      13       0   .init       
     f0c0                                      E036       6       6       0   .init       
     f0c1                                      E03C       6       6       0   .init       
     f0c2                                      E042       6       6       0   .init       
     f0c3                                      E048       6       6       0   .init       
     fila1                                     E04E       D      13       0   .init       
     f1c0                                      E05B       6       6       0   .init       
     f1c1                                      E061       6       6       0   .init       
     f1c2                                      E067       6       6       0   .init       
     f1c3                                      E06D       6       6       0   .init       
     fila2                                     E073       D      13       0   .init       
     f2c0                                      E080       6       6       0   .init       
     f2c1                                      E086       6       6       0   .init       
     f2c2                                      E08C       6       6       0   .init       
     f2c3                                      E092       6       6       0   .init       
     fila3                                     E098       D      13       0   .init       
     f3c0                                      E0A5       6       6       0   .init       
     f3c1                                      E0AB       6       6       0   .init       
     f3c2                                      E0B1       6       6       0   .init       
     f3c3                                      E0B7       7       7       0   .init       
     _Startup                                  E0BE      18      24       0   .init       
     main                                      E0BE       0       0       0   .init       
     mainLoop                                  E0D6       9       9       0   .init       
     wait0                                     E0DF       B      11       0   .init       
     wait1                                     E0EA       B      11       0   .init       
     wait2                                     E0F5       B      11       0   .init       
     wait3                                     E100       4       4       0   .init       
     configSalidas                             E104      26      38       1   .init       
     configIRQ                                 E12A       6       6       1   .init       
     configKBI                                 E130       F      15       1   .init       
- VARIABLES:
     Fila                                        60       1       1       5   MY_ZEROPAGE 
     Estado                                      61       1       1       5   MY_ZEROPAGE 
- LABELS:
     __SEG_END_SSTACK                           140       0       0       1               

*********************************************************************************************
MODULE STATISTIC
  Name                                      Data   Code  Const
---------------------------------------------------------------------------------------------
  main_asm.obj                                 2    319      0
  other                                       64      6      0

*********************************************************************************************
SECTION USE IN OBJECT-ALLOCATION SECTION
---------------------------------------------------------------------------------------------
SECTION: ".init"
  IRQ_SWITCH irq_wait TurnOff irq_fin KEY_INT kbi_wait start fila0 f0c0 f0c1 
  f0c2 f0c3 fila1 f1c0 f1c1 f1c2 f1c3 fila2 f2c0 f2c1 f2c2 f2c3 fila3 f3c0 f3c1 
  f3c2 f3c3 main _Startup mainLoop wait0 wait1 wait2 wait3 configSalidas 
  configIRQ configKBI 
SECTION: "MY_ZEROPAGE"
  Fila Estado 

*********************************************************************************************
OBJECT LIST SORTED BY ADDRESS
     Name                                      Addr   hSize   dSize     Ref    Section   RLIB
---------------------------------------------------------------------------------------------
     Fila                                        60       1       1       5   MY_ZEROPAGE 
     Estado                                      61       1       1       5   MY_ZEROPAGE 
     IRQ_SWITCH                                E000       3       3       0   .init       
     irq_wait                                  E003       B      11       0   .init       
     TurnOff                                   E00E       2       2       0   .init       
     irq_fin                                   E010       2       2       0   .init       
     KEY_INT                                   E012       2       2       0   .init       
     kbi_wait                                  E014       8       8       0   .init       
     start                                     E01C       D      13       0   .init       
     fila0                                     E029       D      13       0   .init       
     f0c0                                      E036       6       6       0   .init       
     f0c1                                      E03C       6       6       0   .init       
     f0c2                                      E042       6       6       0   .init       
     f0c3                                      E048       6       6       0   .init       
     fila1                                     E04E       D      13       0   .init       
     f1c0                                      E05B       6       6       0   .init       
     f1c1                                      E061       6       6       0   .init       
     f1c2                                      E067       6       6       0   .init       
     f1c3                                      E06D       6       6       0   .init       
     fila2                                     E073       D      13       0   .init       
     f2c0                                      E080       6       6       0   .init       
     f2c1                                      E086       6       6       0   .init       
     f2c2                                      E08C       6       6       0   .init       
     f2c3                                      E092       6       6       0   .init       
     fila3                                     E098       D      13       0   .init       
     f3c0                                      E0A5       6       6       0   .init       
     f3c1                                      E0AB       6       6       0   .init       
     f3c2                                      E0B1       6       6       0   .init       
     f3c3                                      E0B7       7       7       0   .init       
     main                                      E0BE       0       0       0   .init       
     _Startup                                  E0BE      18      24       0   .init       
     mainLoop                                  E0D6       9       9       0   .init       
     wait0                                     E0DF       B      11       0   .init       
     wait1                                     E0EA       B      11       0   .init       
     wait2                                     E0F5       B      11       0   .init       
     wait3                                     E100       4       4       0   .init       
     configSalidas                             E104      26      38       1   .init       
     configIRQ                                 E12A       6       6       1   .init       
     configKBI                                 E130       F      15       1   .init       

*********************************************************************************************
UNUSED-OBJECTS SECTION
---------------------------------------------------------------------------------------------

*********************************************************************************************
COPYDOWN SECTION
---------------------------------------------------------------------------------------------

*********************************************************************************************
OBJECT-DEPENDENCIES SECTION
---------------------------------------------------------------------------------------------
irq_wait                  USES Estado 
TurnOff                   USES Estado 
kbi_wait                  USES Estado 
_Startup                  USES __SEG_END_SSTACK configSalidas configIRQ 
                                configKBI Estado Fila 
mainLoop                  USES Fila 
wait0                     USES Fila 
wait1                     USES Fila 
wait2                     USES Fila 

*********************************************************************************************
DEPENDENCY TREE
*********************************************************************************************
 main and _Startup Group
 | 
 +- main                
 |    
 +- _Startup            
    | 
    +- configSalidas       
    |    
    +- configIRQ           
    |    
    +- configKBI           
         
*********************************************************************************************
STATISTIC SECTION
---------------------------------------------------------------------------------------------

ExeFile:
--------
Number of blocks to be downloaded: 4
Total size of all blocks to be downloaded: 325

